[pro-theme.com/html/sokolcov/auto-club/home.html]
[backblue.gif]
[fade.gif]
[index.html]
[pro-theme.com/html/sokolcov/auto-club/images/favicon.png]
[pro-theme.com/html/sokolcov/auto-club/css/master.css]
[pro-theme.com/html/sokolcov/auto-club/assets/switcher/css/switcher.css]
[pro-theme.com/html/sokolcov/auto-club/assets/switcher/css/color2.css]
[pro-theme.com/html/sokolcov/auto-club/assets/switcher/css/color3.css]
[pro-theme.com/html/sokolcov/auto-club/assets/switcher/css/color4.css]
[pro-theme.com/html/sokolcov/auto-club/assets/switcher/css/color5.css]
[pro-theme.com/html/sokolcov/auto-club/assets/switcher/css/color6.css]
[pro-theme.com/html/sokolcov/auto-club/home-2.html]
[pro-theme.com/html/sokolcov/auto-club/listings.html]
[pro-theme.com/html/sokolcov/auto-club/listingsTwo.html]
[pro-theme.com/html/sokolcov/auto-club/listTable.html]
[pro-theme.com/html/sokolcov/auto-club/listTableTwo.html]
[pro-theme.com/html/sokolcov/auto-club/compare.html]
[pro-theme.com/html/sokolcov/auto-club/about.html]
[pro-theme.com/html/sokolcov/auto-club/article.html]
[pro-theme.com/html/sokolcov/auto-club/blog.html]
[pro-theme.com/html/sokolcov/auto-club/blogTwo.html]
[pro-theme.com/html/sokolcov/auto-club/404.html]
[pro-theme.com/html/sokolcov/auto-club/submit1.html]
[pro-theme.com/html/sokolcov/auto-club/contacts.html]
[pro-theme.com/html/sokolcov/auto-club/media/main-slider/1.jpg]
[pro-theme.com/html/sokolcov/auto-club/detail.html]
[pro-theme.com/html/sokolcov/auto-club/media/main-slider/2.jpg]
[pro-theme.com/html/sokolcov/auto-club/media/main-slider/3.jpg]
[pro-theme.com/html/sokolcov/auto-club/media/186x113/mers.jpg]
[pro-theme.com/html/sokolcov/auto-club/media/186x113/audi.jpg]
[pro-theme.com/html/sokolcov/auto-club/media/186x113/aston.jpg]
[pro-theme.com/html/sokolcov/auto-club/media/186x113/jaguar.jpg]
[pro-theme.com/html/sokolcov/auto-club/media/370x200/wolks.jpg]
[pro-theme.com/html/sokolcov/auto-club/media/370x200/mazda.jpg]
[pro-theme.com/html/sokolcov/auto-club/media/370x200/chevrolet.jpg]
[pro-theme.com/html/sokolcov/auto-club/media/270x150/acura.jpg]
[pro-theme.com/html/sokolcov/auto-club/media/270x150/nissan.jpg]
[pro-theme.com/html/sokolcov/auto-club/media/270x150/acura2016.jpg]
[pro-theme.com/html/sokolcov/auto-club/media/270x150/amg.jpg]
[pro-theme.com/html/sokolcov/auto-club/media/270x150/brabus.jpg]
[pro-theme.com/html/sokolcov/auto-club/media/270x150/range.jpg]
[pro-theme.com/html/sokolcov/auto-club/images/backgrounds/reviews.jpg]
[pro-theme.com/html/sokolcov/auto-club/js/jquery-latest.js]
[pro-theme.com/html/sokolcov/auto-club/js/jquery-ui.min.js]
[pro-theme.com/html/sokolcov/auto-club/js/bootstrap.min.js]
[pro-theme.com/html/sokolcov/auto-club/js/modernizr.custom.js]
[pro-theme.com/html/sokolcov/auto-club/assets/rendro-easy-pie-chart/dist/jquery.easypiechart.min.js]
[pro-theme.com/html/sokolcov/auto-club/js/jquery.easypiechart.min.js]
[pro-theme.com/html/sokolcov/auto-club/js/classie.js]
[pro-theme.com/html/sokolcov/auto-club/assets/switcher/js/switcher.js]
[pro-theme.com/html/sokolcov/auto-club/assets/owl-carousel/owl.carousel.min.js]
[pro-theme.com/html/sokolcov/auto-club/assets/bxslider/jquery.bxslider.js]
[pro-theme.com/html/sokolcov/auto-club/assets/slider/jquery.ui-slider.js]
[pro-theme.com/html/sokolcov/auto-club/js/jquery.smooth-scroll.js]
[pro-theme.com/html/sokolcov/auto-club/js/wow.min.js]
[pro-theme.com/html/sokolcov/auto-club/js/jquery.placeholder.min.js]
[pro-theme.com/html/sokolcov/auto-club/home.html]
[pro-theme.com/html/sokolcov/auto-club/js/theme.js]
[pro-theme.com/html/sokolcov/auto-club/css/bootstrap.css]
[pro-theme.com/html/sokolcov/auto-club/css/font-awesome.min.css]
[pro-theme.com/html/sokolcov/auto-club/css/theme.css]
[pro-theme.com/html/sokolcov/auto-club/css/home.css]
[pro-theme.com/html/sokolcov/auto-club/css/home-2.css]
[pro-theme.com/html/sokolcov/auto-club/css/listings.css]
[pro-theme.com/html/sokolcov/auto-club/css/detail.css]
[pro-theme.com/html/sokolcov/auto-club/css/compare.css]
[pro-theme.com/html/sokolcov/auto-club/css/blog.css]
[pro-theme.com/html/sokolcov/auto-club/css/pages.css]
[pro-theme.com/html/sokolcov/auto-club/css/submits.css]
[pro-theme.com/html/sokolcov/auto-club/css/responsive.css]
[pro-theme.com/html/sokolcov/auto-club/css/animate.css]
[pro-theme.com/html/sokolcov/auto-club/css/site-colors.css]
[pro-theme.com/html/sokolcov/auto-club/css/colors-demo.css]
[pro-theme.com/html/sokolcov/auto-club/css/colors.css]
[pro-theme.com/html/sokolcov/auto-club/css/custom.css]
[pro-theme.com/html/sokolcov/auto-club/assets/owl-carousel/owl.carousel.css]
[pro-theme.com/html/sokolcov/auto-club/assets/owl-carousel/owl.theme.css]
[pro-theme.com/html/sokolcov/auto-club/css/master.css]
[pro-theme.com/html/sokolcov/auto-club/assets/switcher/css/switcher.css]
[pro-theme.com/html/sokolcov/auto-club/assets/switcher/css/color1.css]
[pro-theme.com/html/sokolcov/auto-club/assets/switcher/css/color2.css]
[pro-theme.com/html/sokolcov/auto-club/assets/switcher/css/color3.css]
[pro-theme.com/html/sokolcov/auto-club/assets/switcher/css/color4.css]
[pro-theme.com/html/sokolcov/auto-club/assets/switcher/css/color5.css]
[pro-theme.com/html/sokolcov/auto-club/assets/switcher/css/color6.css]
[pro-theme.com/html/sokolcov/auto-club/assets/bxslider/jquery.bxslider.css]
[pro-theme.com/html/sokolcov/auto-club/media/main-slider/4.jpg]
[pro-theme.com/html/sokolcov/auto-club/media/270x150/nissanGT.jpg]
[pro-theme.com/html/sokolcov/auto-club/media/270x150/bmw.jpg]
[pro-theme.com/html/sokolcov/auto-club/media/270x150/LandRover.jpg]
[pro-theme.com/html/sokolcov/auto-club/media/270x150/corvette.jpg]
[pro-theme.com/html/sokolcov/auto-club/media/222x150/mazda2.jpg]
[pro-theme.com/html/sokolcov/auto-club/media/222x150/bmw2.jpg]
[pro-theme.com/html/sokolcov/auto-club/media/brands/lydia.png]
[pro-theme.com/html/sokolcov/auto-club/media/brands/decosinto.png]
[pro-theme.com/html/sokolcov/auto-club/media/brands/hospice.png]
[pro-theme.com/html/sokolcov/auto-club/media/brands/aristeia.png]
[pro-theme.com/html/sokolcov/auto-club/home-2.html]
[pro-theme.com/html/sokolcov/auto-club/media/270x230/dodge.jpg]
[pro-theme.com/html/sokolcov/auto-club/media/270x230/ferrari.jpg]
[pro-theme.com/html/sokolcov/auto-club/media/270x230/jaguarList.jpg]
[pro-theme.com/html/sokolcov/auto-club/media/270x230/lexus.jpg]
[pro-theme.com/html/sokolcov/auto-club/media/270x230/mersAmg.jpg]
[pro-theme.com/html/sokolcov/auto-club/media/270x230/nissanList.jpg]
[pro-theme.com/html/sokolcov/auto-club/listings.html]
[pro-theme.com/html/sokolcov/auto-club/media/237x202/toyota.jpg]
[pro-theme.com/html/sokolcov/auto-club/media/237x202/maxima.jpg]
[pro-theme.com/html/sokolcov/auto-club/media/237x202/mersList.jpg]
[pro-theme.com/html/sokolcov/auto-club/media/237x202/audiList.jpg]
[pro-theme.com/html/sokolcov/auto-club/media/237x202/ferrariList.jpg]
[pro-theme.com/html/sokolcov/auto-club/media/237x202/mersGL.jpg]
[pro-theme.com/html/sokolcov/auto-club/listingsTwo.html]
[pro-theme.com/html/sokolcov/auto-club/media/260x230/chevroletTable.jpg]
[pro-theme.com/html/sokolcov/auto-club/media/260x230/ferrariTable.jpg]
[pro-theme.com/html/sokolcov/auto-club/media/260x230/maximaTable.jpg]
[pro-theme.com/html/sokolcov/auto-club/media/260x230/mersTable.jpg]
[pro-theme.com/html/sokolcov/auto-club/media/260x230/audiTable.jpg]
[pro-theme.com/html/sokolcov/auto-club/media/260x230/toyotaTable.jpg]
[pro-theme.com/html/sokolcov/auto-club/media/260x230/jaguarTable.jpg]
[pro-theme.com/html/sokolcov/auto-club/media/260x230/mercTable.jpg]
[pro-theme.com/html/sokolcov/auto-club/media/260x230/lexusTable.jpg]
[pro-theme.com/html/sokolcov/auto-club/listTable.html]
[pro-theme.com/html/sokolcov/auto-club/listTableTwo.html]
[pro-theme.com/html/sokolcov/auto-club/media/270x180/jaguarComp.jpg]
[pro-theme.com/html/sokolcov/auto-club/media/270x180/mercComp.jpg]
[pro-theme.com/html/sokolcov/auto-club/media/270x180/lexusComp.jpg]
[pro-theme.com/html/sokolcov/auto-club/compare.html]
[pro-theme.com/html/sokolcov/auto-club/media/about/best.jpg]
[pro-theme.com/html/sokolcov/auto-club/media/persons/jason.jpg]
[pro-theme.com/html/sokolcov/auto-club/media/persons/paul.jpg]
[pro-theme.com/html/sokolcov/auto-club/media/persons/peter.jpg]
[pro-theme.com/html/sokolcov/auto-club/media/persons/maria.jpg]
[pro-theme.com/html/sokolcov/auto-club/about.html]
[pro-theme.com/html/sokolcov/auto-club/media/750x300/blogBig1.jpg]
[pro-theme.com/html/sokolcov/auto-club/media/750x300/blogBig2.jpg]
[pro-theme.com/html/sokolcov/auto-club/media/750x300/blogBig3.jpg]
[pro-theme.com/html/sokolcov/auto-club/media/90x65/smallBlog1.jpg]
[pro-theme.com/html/sokolcov/auto-club/media/90x65/smallBlog2.jpg]
[pro-theme.com/html/sokolcov/auto-club/media/90x65/smallBlog3.jpg]
[pro-theme.com/html/sokolcov/auto-club/media/articles/article.jpg]
[pro-theme.com/html/sokolcov/auto-club/media/100x80/related1.jpg]
[pro-theme.com/html/sokolcov/auto-club/media/100x80/related2.jpg]
[pro-theme.com/html/sokolcov/auto-club/media/270x150/mercBlog.png]
[pro-theme.com/html/sokolcov/auto-club/media/270x150/outlander.png]
[pro-theme.com/html/sokolcov/auto-club/media/100x80/audiRev.jpg]
[pro-theme.com/html/sokolcov/auto-club/media/100x80/mercRev.jpg]
[pro-theme.com/html/sokolcov/auto-club/media/100x80/mazdaRev.jpg]
[pro-theme.com/html/sokolcov/auto-club/article.html]
[pro-theme.com/html/sokolcov/auto-club/media/blog/ferrariBlog.jpg]
[pro-theme.com/html/sokolcov/auto-club/media/blog/chrysler.jpg]
[pro-theme.com/html/sokolcov/auto-club/media/blog/bmwBlog.jpg]
[pro-theme.com/html/sokolcov/auto-club/blog.html]
[pro-theme.com/html/sokolcov/auto-club/js/waypoints.min.js]
[pro-theme.com/html/sokolcov/auto-club/media/blog/nissanBlogTwo.jpg]
[pro-theme.com/html/sokolcov/auto-club/media/blog/ferrariBlogTwo.jpg]
[pro-theme.com/html/sokolcov/auto-club/media/blog/chryslerBlogTwo.jpg]
[pro-theme.com/html/sokolcov/auto-club/media/blog/bmwBlogTwo.jpg]
[pro-theme.com/html/sokolcov/auto-club/blogTwo.html]
[pro-theme.com/html/sokolcov/auto-club/images/backgrounds/404.png]
[pro-theme.com/html/sokolcov/auto-club/images/backgrounds/404Bg.jpg]
[pro-theme.com/html/sokolcov/auto-club/404.html]
[pro-theme.com/html/sokolcov/auto-club/submit1.html]
[pro-theme.com/html/sokolcov/auto-club/assets/contact/jqBootstrapValidation.js]
[pro-theme.com/html/sokolcov/auto-club/contacts.html]
[pro-theme.com/html/sokolcov/auto-club/assets/contact/contact_me.js]
[pro-theme.com/html/sokolcov/auto-club/media/620x485/big1.jpg]
[pro-theme.com/html/sokolcov/auto-club/media/620x485/big2.jpg]
[pro-theme.com/html/sokolcov/auto-club/media/620x485/big3.jpg]
[pro-theme.com/html/sokolcov/auto-club/media/620x485/big4.jpg]
[pro-theme.com/html/sokolcov/auto-club/media/620x485/big5.jpg]
[pro-theme.com/html/sokolcov/auto-club/media/115x85/small1.jpg]
[pro-theme.com/html/sokolcov/auto-club/media/115x85/small2.jpg]
[pro-theme.com/html/sokolcov/auto-club/media/115x85/small3.jpg]
[pro-theme.com/html/sokolcov/auto-club/media/115x85/small4.jpg]
[pro-theme.com/html/sokolcov/auto-club/media/115x85/small5.jpg]
[pro-theme.com/html/sokolcov/auto-club/media/270x150/camaro.jpg]
[pro-theme.com/html/sokolcov/auto-club/media/brands/bmwLogo.png]
[pro-theme.com/html/sokolcov/auto-club/media/brands/ferrariLogo.png]
[pro-theme.com/html/sokolcov/auto-club/media/brands/volvo.png]
[pro-theme.com/html/sokolcov/auto-club/media/brands/mercLogo.png]
[pro-theme.com/html/sokolcov/auto-club/media/brands/audiLogo.png]
[pro-theme.com/html/sokolcov/auto-club/media/brands/honda.png]
[pro-theme.com/html/sokolcov/auto-club/media/brands/peugeot.png]
[pro-theme.com/html/sokolcov/auto-club/detail.html]
[pro-theme.com/html/sokolcov/auto-club/fonts/glyphicons-halflings-regular.eot]
[pro-theme.com/html/sokolcov/auto-club/fonts/glyphicons-halflings-regulard41d.eot]
[pro-theme.com/html/sokolcov/auto-club/fonts/glyphicons-halflings-regular.woff2]
[pro-theme.com/html/sokolcov/auto-club/fonts/glyphicons-halflings-regular.woff]
[pro-theme.com/html/sokolcov/auto-club/fonts/glyphicons-halflings-regular.ttf]
[pro-theme.com/html/sokolcov/auto-club/css/bootstrap.css]
[pro-theme.com/html/sokolcov/auto-club/fonts/glyphicons-halflings-regular.svg]
[pro-theme.com/html/sokolcov/auto-club/fonts/fontawesome-webfonte0a5.eot]
[pro-theme.com/html/sokolcov/auto-club/fonts/fontawesome-webfontd41d.eot]
[pro-theme.com/html/sokolcov/auto-club/fonts/fontawesome-webfonte0a5.woff2]
[pro-theme.com/html/sokolcov/auto-club/fonts/fontawesome-webfonte0a5.woff]
[pro-theme.com/html/sokolcov/auto-club/fonts/fontawesome-webfonte0a5.ttf]
[pro-theme.com/html/sokolcov/auto-club/css/font-awesome.min.css]
[pro-theme.com/html/sokolcov/auto-club/fonts/fontawesome-webfonte0a5.svg]
[pro-theme.com/html/sokolcov/auto-club/images/elements/whiteShadow.png]
[pro-theme.com/html/sokolcov/auto-club/images/elements/chevron-down.png]
[pro-theme.com/html/sokolcov/auto-club/css/theme.css]
[pro-theme.com/html/sokolcov/auto-club/images/flags/en.jpg]
[pro-theme.com/html/sokolcov/auto-club/images/flags/es.jpg]
[pro-theme.com/html/sokolcov/auto-club/images/flags/de.jpg]
[pro-theme.com/html/sokolcov/auto-club/images/flags/fr.jpg]
[pro-theme.com/html/sokolcov/auto-club/images/logo/logo.png]
[pro-theme.com/html/sokolcov/auto-club/images/backgrounds/audiBg.png]
[pro-theme.com/html/sokolcov/auto-club/images/backgrounds/carRight.jpg]
[pro-theme.com/html/sokolcov/auto-club/images/backgrounds/count.png]
[pro-theme.com/html/sokolcov/auto-club/media/persons/person.jpg]
[pro-theme.com/html/sokolcov/auto-club/media/80x65/audiF.jpg]
[pro-theme.com/html/sokolcov/auto-club/media/80x65/audiSpyderF.jpg]
[pro-theme.com/html/sokolcov/auto-club/media/80x65/astonMartinF.jpg]
[pro-theme.com/html/sokolcov/auto-club/images/backgrounds/map.jpg]
[pro-theme.com/html/sokolcov/auto-club/images/logo/logoF.png]
[pro-theme.com/html/sokolcov/auto-club/css/home.css]
[pro-theme.com/html/sokolcov/auto-club/images/backgrounds/featured.jpg]
[pro-theme.com/html/sokolcov/auto-club/images/elements/line.png]
[pro-theme.com/html/sokolcov/auto-club/images/backgrounds/homeCount.jpg]
[pro-theme.com/html/sokolcov/auto-club/images/backgrounds/homeReviews.jpg]
[pro-theme.com/html/sokolcov/auto-club/media/reviews-bg/jaguarRev.jpg]
[pro-theme.com/html/sokolcov/auto-club/media/reviews-bg/bmwRev.jpg]
[pro-theme.com/html/sokolcov/auto-club/media/persons/person2.jpg]
[pro-theme.com/html/sokolcov/auto-club/media/persons/person3.jpg]
[pro-theme.com/html/sokolcov/auto-club/images/elements/chevron-downHome.png]
[pro-theme.com/html/sokolcov/auto-club/css/home-2.css]
[pro-theme.com/html/sokolcov/auto-club/images/backgrounds/pageHead.jpg]
[pro-theme.com/html/sokolcov/auto-club/images/backgrounds/sell.jpg]
[pro-theme.com/html/sokolcov/auto-club/css/listings.css]
[pro-theme.com/html/sokolcov/auto-club/images/elements/chevron-downGrey.png]
[pro-theme.com/html/sokolcov/auto-club/css/detail.css]
[pro-theme.com/html/sokolcov/auto-club/css/compare.css]
[pro-theme.com/html/sokolcov/auto-club/media/persons/author.jpg]
[pro-theme.com/html/sokolcov/auto-club/media/persons/personW.jpg]
[pro-theme.com/html/sokolcov/auto-club/css/blog.css]
[pro-theme.com/html/sokolcov/auto-club/css/pages.css]
[pro-theme.com/html/sokolcov/auto-club/images/backgrounds/progress.jpg]
[pro-theme.com/html/sokolcov/auto-club/images/backgrounds/blue.png]
[pro-theme.com/html/sokolcov/auto-club/css/submits.css]
[pro-theme.com/html/sokolcov/auto-club/css/responsive.css]
[pro-theme.com/html/sokolcov/auto-club/css/animate.css]
[pro-theme.com/html/sokolcov/auto-club/css/site-colors.css]
[pro-theme.com/html/sokolcov/auto-club/css/colors-demo.css]
[pro-theme.com/html/sokolcov/auto-club/css/colors.css]
[pro-theme.com/html/sokolcov/auto-club/css/custom.css]
[pro-theme.com/html/sokolcov/auto-club/assets/owl-carousel/grabbing.png]
[pro-theme.com/html/sokolcov/auto-club/assets/owl-carousel/owl.carousel.css]
[pro-theme.com/html/sokolcov/auto-club/assets/owl-carousel/AjaxLoader.gif]
[pro-theme.com/html/sokolcov/auto-club/assets/owl-carousel/owl.theme.css]
[pro-theme.com/html/sokolcov/auto-club/assets/bxslider/images/bx_loader.gif]
[pro-theme.com/html/sokolcov/auto-club/assets/bxslider/images/controls.png]
[pro-theme.com/html/sokolcov/auto-club/assets/bxslider/jquery.bxslider.css]
[pro-theme.com/html/sokolcov/auto-club/fonts/glyphicons-halflings-regular.svg]
[pro-theme.com/html/sokolcov/auto-club/fonts/fontawesome-webfonte0a5.svg]
